// Jest Snapshot v1, https://goo.gl/fbAQLP

exports[`WelcomeSheet.vue should render the welcome sheet snapshot 1`] = `"<v-col cols=\\"12\\"><v-row align=\\"center\\" justify=\\"center\\"><v-card color=\\"transparent\\" flat=\\"\\"><v-img height=\\"250\\" width=\\"250\\" aspect-ratio=\\"1.7777777777777777\\" src=\\"/logo-1024-transparent.svg\\"></v-img></v-card></v-row></v-col>"`;
