// Jest Snapshot v1, https://goo.gl/fbAQLP

exports[`dashboard.vue should render 1`] = `"<v-row align=\\"center\\" justify=\\"center\\" dense=\\"\\"><v-col cols=\\"12\\" sm=\\"12\\" md=\\"12\\" lg=\\"12\\" xl=\\"12\\"><div class=\\"row\\"><v-sheet color=\\"primary\\" width=\\"100%\\" elevation=\\"6\\" dark=\\"\\" class=\\"text-center my-10 pa-5 heavy-br\\"><span class=\\"font-weight-thin display-2\\">Dashboard</span></v-sheet></div></v-col> <v-col cols=\\"12\\" sm=\\"12\\" md=\\"12\\" lg=\\"12\\" xl=\\"12\\"><v-row align=\\"center\\" justify=\\"center\\"><v-col cols=\\"12\\" sm=\\"6\\" md=\\"3\\" lg=\\"3\\"><v-sheet dark=\\"\\" class=\\"transparent\\"><v-row align=\\"center\\" justify=\\"center\\"><v-card color=\\"transparent\\" flat=\\"\\"><v-icon color=\\"primary\\" size=\\"160\\">M3,22L4.5,20.5L6,22L7.5,20.5L9,22L10.5,20.5L12,22L13.5,20.5L15,22L16.5,20.5L18,22L19.5,20.5L21,22V2L19.5,3.5L18,2L16.5,3.5L15,2L13.5,3.5L12,2L10.5,3.5L9,2L7.5,3.5L6,2L4.5,3.5L3,2M18,9H6V7H18M18,13H6V11H18M18,17H6V15H18V17Z</v-icon> <v-card-actions class=\\"text-center\\"><v-btn to=\\"/finance\\" block=\\"\\" color=\\"white\\" class=\\"black--text\\">Create Invoice</v-btn></v-card-actions></v-card></v-row></v-sheet></v-col> <v-col cols=\\"12\\" sm=\\"6\\" md=\\"3\\" lg=\\"3\\"><v-sheet dark=\\"\\" class=\\"transparent\\"><v-row align=\\"center\\" justify=\\"center\\"><v-card color=\\"transparent\\" flat=\\"\\"><v-icon color=\\"primary\\" size=\\"160\\">M13 4H11L10 2H14L13 4M14 8V6H15V5H9V6H10V8C7.24 8 5 10.24 5 13V22H19V13C19 10.24 16.76 8 14 8M16 17H13V20H11V17H8V15H11V12H13V15H16V17Z</v-icon> <v-card-actions class=\\"text-center\\"><v-btn to=\\"/medicine\\" block=\\"\\" color=\\"white\\" class=\\"black--text\\">Add Medicine</v-btn></v-card-actions></v-card></v-row></v-sheet></v-col> <v-col cols=\\"12\\" sm=\\"6\\" md=\\"3\\" lg=\\"3\\"><v-sheet dark=\\"\\" class=\\"transparent\\"><v-row align=\\"center\\" justify=\\"center\\"><v-card color=\\"transparent\\" flat=\\"\\"><v-icon color=\\"primary\\" size=\\"160\\">M21,19V20H3V19L5,17V11C5,7.9 7.03,5.17 10,4.29C10,4.19 10,4.1 10,4A2,2 0 0,1 12,2A2,2 0 0,1 14,4C14,4.1 14,4.19 14,4.29C16.97,5.17 19,7.9 19,11V17L21,19M14,21A2,2 0 0,1 12,23A2,2 0 0,1 10,21</v-icon> <v-card-actions class=\\"text-center\\"><v-btn block=\\"\\" color=\\"white\\" class=\\"black--text\\">0 Notifications</v-btn></v-card-actions></v-card></v-row></v-sheet></v-col></v-row></v-col> <v-col cols=\\"12\\" sm=\\"12\\" md=\\"12\\" lg=\\"12\\" xl=\\"12\\"><v-row align=\\"center\\" justify=\\"center\\" dense=\\"\\"><v-col cols=\\"12\\" sm=\\"12\\" md=\\"6\\" lg=\\"4\\" xl=\\"4\\"><v-sheet min-height=\\"265\\" max-height=\\"335\\" dark=\\"\\" class=\\"mx-5 mt-5 mb-12 pa-5 transparent\\"><v-row justify=\\"center\\" align=\\"center\\"><div class=\\"text-center ma-5\\"><v-progress-circular rotate=\\"90\\" size=\\"128\\" value=\\"72\\" width=\\"8\\" color=\\"primary\\">72%</v-progress-circular></div></v-row> <v-row align=\\"center\\" justify=\\"center\\"><span class=\\"headline text-center black--text\\">Yearly Income Goal</span></v-row></v-sheet></v-col> <v-col cols=\\"12\\" sm=\\"12\\" md=\\"6\\" lg=\\"4\\" xl=\\"4\\"><v-sheet min-height=\\"265\\" max-height=\\"335\\" dark=\\"\\" class=\\"mx-5 mt-5 mb-12 pa-5 transparent\\"><v-row justify=\\"center\\" align=\\"center\\" class=\\"mb-9 mt-2\\"><v-icon color=\\"primary\\" size=\\"112\\">M5,6H23V18H5V6M14,9A3,3 0 0,1 17,12A3,3 0 0,1 14,15A3,3 0 0,1 11,12A3,3 0 0,1 14,9M9,8A2,2 0 0,1 7,10V14A2,2 0 0,1 9,16H19A2,2 0 0,1 21,14V10A2,2 0 0,1 19,8H9M1,10H3V20H19V22H1V10Z</v-icon></v-row> <v-row align=\\"center\\" justify=\\"center\\"><span class=\\"headline text-center black--text\\">55,700.00 <sup>SDG</sup></span></v-row> <v-row align=\\"center\\" justify=\\"center\\"><span class=\\"text-center black--text\\">Avg. Monthly Income</span></v-row></v-sheet></v-col> <v-col cols=\\"12\\" sm=\\"12\\" md=\\"6\\" lg=\\"4\\" xl=\\"4\\"><v-sheet min-height=\\"265\\" max-height=\\"335\\" dark=\\"\\" class=\\"mx-5 mt-5 mb-12 pa-5 transparent\\"><v-row justify=\\"center\\" align=\\"center\\"><div class=\\"text-center ma-5\\"><v-progress-circular rotate=\\"90\\" size=\\"128\\" value=\\"28\\" width=\\"8\\" color=\\"primary\\">28%</v-progress-circular></div></v-row> <v-row align=\\"center\\" justify=\\"center\\"><span class=\\"headline text-center black--text\\">Monthly Income Goal</span></v-row></v-sheet></v-col></v-row></v-col> <v-col cols=\\"12\\" sm=\\"6\\" md=\\"4\\" lg=\\"4\\" xl=\\"4\\"><div class=\\"\\"><canvas id=\\"line-chart\\" width=\\"0\\" height=\\"0\\" style=\\"display: block;\\" class=\\"chartjs-render-monitor\\"></canvas></div></v-col> <v-col cols=\\"12\\" sm=\\"6\\" md=\\"4\\" lg=\\"4\\" xl=\\"4\\"><div class=\\"\\"><canvas id=\\"pie-chart\\" width=\\"0\\" height=\\"0\\" style=\\"display: block;\\" class=\\"chartjs-render-monitor\\"></canvas></div></v-col> <v-col cols=\\"12\\" sm=\\"6\\" md=\\"4\\" lg=\\"4\\" xl=\\"4\\"><div class=\\"\\"><canvas id=\\"horizontalbar-chart\\" width=\\"0\\" height=\\"0\\" style=\\"display: block;\\" class=\\"chartjs-render-monitor\\"></canvas></div></v-col> <v-col cols=\\"12\\" sm=\\"12\\" md=\\"12\\" lg=\\"12\\" xl=\\"12\\"><div class=\\"\\"><canvas id=\\"line-chart\\" width=\\"0\\" height=\\"0\\" style=\\"display: block;\\" class=\\"chartjs-render-monitor\\"></canvas></div></v-col></v-row>"`;
