// Jest Snapshot v1, https://goo.gl/fbAQLP

exports[`DataTable.vue should render data table with static data 1`] = `"<v-card outlined=\\"\\" flat=\\"\\" class=\\"mt-10 pb-5 slight-br\\"><v-sheet color=\\"primary\\" min-height=\\"100px\\" max-width=\\"calc(100% - 64px)\\" elevation=\\"6\\" dark=\\"\\" class=\\"text-center v-sheet--offset mx-auto py-8 heavy-br\\"><span class=\\"display-2 font-weight-thin\\">Medicine</span></v-sheet> <v-card-title><v-row align=\\"center\\" justify=\\"center\\" class=\\"mx-5\\"><v-text-field label=\\"Search Medcine\\" type=\\"text\\" clear-icon=\\"M19,6.41L17.59,5L12,10.59L6.41,5L5,6.41L10.59,12L5,17.59L6.41,19L12,13.41L17.59,19L19,17.59L13.41,12L19,6.41Z\\" prepend-inner-icon=\\"M9.5,3A6.5,6.5 0 0,1 16,9.5C16,11.11 15.41,12.59 14.44,13.73L14.71,14H15.5L20.5,19L19,20.5L14,15.5V14.71L13.73,14.44C12.59,15.41 11.11,16 9.5,16A6.5,6.5 0 0,1 3,9.5A6.5,6.5 0 0,1 9.5,3M9.5,5C7,5 5,7 5,9.5C5,12 7,14 9.5,14C12,14 14,12 14,9.5C14,7 12,5 9.5,5Z\\" clearable=\\"\\" outlined=\\"\\" rounded=\\"\\"></v-text-field> <v-spacer></v-spacer> <v-btn large=\\"\\" text=\\"\\" color=\\"primary\\" rounded=\\"\\">Refresh <v-icon right=\\"\\">M17.65,6.35C16.2,4.9 14.21,4 12,4A8,8 0 0,0 4,12A8,8 0 0,0 12,20C15.73,20 18.84,17.45 19.73,14H17.65C16.83,16.33 14.61,18 12,18A6,6 0 0,1 6,12A6,6 0 0,1 12,6C13.66,6 15.14,6.69 16.22,7.78L13,11H20V4L17.65,6.35Z</v-icon></v-btn> <v-dialog max-width=\\"500px\\"> <v-card><v-card-title><span class=\\"headline\\">New Item Entry</span></v-card-title> <v-card-text class=\\"pb-0\\"><v-row dense=\\"\\"><v-col cols=\\"12\\"><v-text-field label=\\"Item Name\\" prepend-inner-icon=\\"M18,17H10.5L12.5,15H18M6,17V14.5L13.88,6.65C14.07,6.45 14.39,6.45 14.59,6.65L16.35,8.41C16.55,8.61 16.55,8.92 16.35,9.12L8.47,17M19,3H5C3.89,3 3,3.89 3,5V19A2,2 0 0,0 5,21H19A2,2 0 0,0 21,19V5C21,3.89 20.1,3 19,3Z\\" type=\\"text\\" outlined=\\"\\"></v-text-field></v-col> <v-col cols=\\"12\\"><v-text-field label=\\"Price\\" type=\\"number\\" prepend-inner-icon=\\"M7,15H9C9,16.08 10.37,17 12,17C13.63,17 15,16.08 15,15C15,13.9 13.96,13.5 11.76,12.97C9.64,12.44 7,11.78 7,9C7,7.21 8.47,5.69 10.5,5.18V3H13.5V5.18C15.53,5.69 17,7.21 17,9H15C15,7.92 13.63,7 12,7C10.37,7 9,7.92 9,9C9,10.1 10.04,10.5 12.24,11.03C14.36,11.56 17,12.22 17,15C17,16.79 15.53,18.31 13.5,18.82V21H10.5V18.82C8.47,18.31 7,16.79 7,15Z\\" outlined=\\"\\"></v-text-field></v-col> <v-col cols=\\"12\\" sm=\\"6\\"><v-menu return-value=\\"\\" transition=\\"scale-transition\\" offset-y=\\"\\" min-width=\\"290px\\"> <v-date-picker next-icon=\\"M8.59,16.58L13.17,12L8.59,7.41L10,6L16,12L10,18L8.59,16.58Z\\" prev-icon=\\"M15.41,16.58L10.83,12L15.41,7.41L14,6L8,12L14,18L15.41,16.58Z\\" no-title=\\"\\" scrollable=\\"\\"><div class=\\"flex-grow-1\\"></div> <v-btn text=\\"\\" color=\\"primary\\">Cancel</v-btn> <v-btn text=\\"\\" color=\\"primary\\">OK</v-btn></v-date-picker></v-menu></v-col> <v-col cols=\\"12\\" sm=\\"6\\"><v-menu return-value=\\"\\" transition=\\"scale-transition\\" offset-y=\\"\\" min-width=\\"290px\\"> <v-date-picker next-icon=\\"M8.59,16.58L13.17,12L8.59,7.41L10,6L16,12L10,18L8.59,16.58Z\\" prev-icon=\\"M15.41,16.58L10.83,12L15.41,7.41L14,6L8,12L14,18L15.41,16.58Z\\" no-title=\\"\\" scrollable=\\"\\"><div class=\\"flex-grow-1\\"></div> <v-btn text=\\"\\" color=\\"primary\\">Cancel</v-btn> <v-btn text=\\"\\" color=\\"primary\\">OK</v-btn></v-date-picker></v-menu></v-col> <v-col cols=\\"12\\"><v-select items=\\"Pill,Powder,Cream,Natural,Paste,Injection,Inhalative,Drop,Suppository,Other\\" label=\\"Category\\" type=\\"text\\" append-icon=\\"M7.41,8.58L12,13.17L16.59,8.58L18,10L12,16L6,10L7.41,8.58Z\\" prepend-inner-icon=\\"M11,13.5V21.5H3V13.5H11M9,15.5H5V19.5H9V15.5M12,2L17.5,11H6.5L12,2M12,5.86L10.08,9H13.92L12,5.86M17.5,13C20,13 22,15 22,17.5C22,20 20,22 17.5,22C15,22 13,20 13,17.5C13,15 15,13 17.5,13M17.5,15A2.5,2.5 0 0,0 15,17.5A2.5,2.5 0 0,0 17.5,20A2.5,2.5 0 0,0 20,17.5A2.5,2.5 0 0,0 17.5,15Z\\" outlined=\\"\\"></v-select></v-col> <v-col cols=\\"12\\"><v-slider label=\\"Quantity\\" max=\\"100\\" min=\\"0\\" thumb-label=\\"\\" step=\\"1\\"></v-slider></v-col> <v-col cols=\\"6\\"><v-checkbox label=\\"Available\\" color=\\"primary\\" on-icon=\\"M20,12A8,8 0 0,1 12,20A8,8 0 0,1 4,12A8,8 0 0,1 12,4C12.76,4 13.5,4.11 14.2,4.31L15.77,2.74C14.61,2.26 13.34,2 12,2A10,10 0 0,0 2,12A10,10 0 0,0 12,22A10,10 0 0,0 22,12M7.91,10.08L6.5,11.5L11,16L21,6L19.59,4.58L11,13.17L7.91,10.08Z\\" off-icon=\\"M12,20A8,8 0 0,1 4,12A8,8 0 0,1 12,4A8,8 0 0,1 20,12A8,8 0 0,1 12,20M12,2A10,10 0 0,0 2,12A10,10 0 0,0 12,22A10,10 0 0,0 22,12A10,10 0 0,0 12,2Z\\"></v-checkbox></v-col> <v-col cols=\\"6\\"><v-checkbox label=\\"Requires Perscription\\" color=\\"primary\\" on-icon=\\"M20,12A8,8 0 0,1 12,20A8,8 0 0,1 4,12A8,8 0 0,1 12,4C12.76,4 13.5,4.11 14.2,4.31L15.77,2.74C14.61,2.26 13.34,2 12,2A10,10 0 0,0 2,12A10,10 0 0,0 12,22A10,10 0 0,0 22,12M7.91,10.08L6.5,11.5L11,16L21,6L19.59,4.58L11,13.17L7.91,10.08Z\\" off-icon=\\"M12,20A8,8 0 0,1 4,12A8,8 0 0,1 12,4A8,8 0 0,1 20,12A8,8 0 0,1 12,20M12,2A10,10 0 0,0 2,12A10,10 0 0,0 12,22A10,10 0 0,0 22,12A10,10 0 0,0 12,2Z\\"></v-checkbox></v-col></v-row></v-card-text> <v-card-actions class=\\"pa-5\\"><div class=\\"flex-grow-1\\"></div> <v-btn color=\\"red\\" text=\\"\\">Cancel <v-icon right=\\"\\">M19,6.41L17.59,5L12,10.59L6.41,5L5,6.41L10.59,12L5,17.59L6.41,19L12,13.41L17.59,19L19,17.59L13.41,12L19,6.41Z</v-icon></v-btn> <v-btn color=\\"primary\\" text=\\"\\">Save <v-icon right=\\"\\">M15,9H5V5H15M12,19A3,3 0 0,1 9,16A3,3 0 0,1 12,13A3,3 0 0,1 15,16A3,3 0 0,1 12,19M17,3H5C3.89,3 3,3.9 3,5V19A2,2 0 0,0 5,21H19A2,2 0 0,0 21,19V7L17,3Z</v-icon></v-btn></v-card-actions></v-card></v-dialog></v-row></v-card-title> <v-data-table headers=\\"[object Object],[object Object],[object Object],[object Object],[object Object],[object Object],[object Object],[object Object]\\" items=\\"[object Object],[object Object],[object Object],[object Object],[object Object]\\" page=\\"1\\" search=\\"\\" loading-text=\\"Refreshing your inventory...\\" multi-sort=\\"\\" hide-default-footer=\\"\\"></v-data-table> <div class=\\"text-center pt-2\\"><v-pagination next-icon=\\"M8.59,16.58L13.17,12L8.59,7.41L10,6L16,12L10,18L8.59,16.58Z\\" color=\\"primary\\" circle=\\"\\" prev-icon=\\"M15.41,16.58L10.83,12L15.41,7.41L14,6L8,12L14,18L15.41,16.58Z\\" length=\\"0\\"></v-pagination></div></v-card>"`;
